﻿
> devbyyuki@0.0.0 build
> vite build

[36mvite v8.0.3 [32mbuilding client environment for production...[36m[39m
[2K
transforming...Γ£ô 2284 modules transformed.
rendering chunks...
computing gzip size...
dist/index.html                           0.45 kB Γöé gzip:   0.29 kB
dist/assets/FrameHome_010-CwvtxC6J.jpg   71.08 kB
dist/assets/FrameHome_011-DVeStxRK.jpg   71.14 kB
dist/assets/FrameHome_014-Bpmwmp1s.jpg   71.19 kB
dist/assets/FrameHome_012-CI_NEuaU.jpg   71.19 kB
dist/assets/FrameHome_013-C5sKbCN9.jpg   71.21 kB
dist/assets/FrameHome_044-Bv7HjYGP.jpg   79.63 kB
dist/assets/FrameHome_015-BBXCahj5.jpg   81.20 kB
dist/assets/FrameHome_043-CenulQEY.jpg   81.64 kB
dist/assets/FrameHome_045-DCJAnyHo.jpg   87.86 kB
dist/assets/FrameHome_016-3K_ICM61.jpg   95.29 kB
dist/assets/FrameHome_017-BzsHTdEg.jpg   97.99 kB
dist/assets/FrameHome_046-D7c7tbGy.jpg   98.12 kB
dist/assets/FrameHome_042-C6jbW3pB.jpg   98.28 kB
dist/assets/FrameHome_047-CBIK6PDl.jpg  106.39 kB
dist/assets/FrameHome_041-DCu5hVct.jpg  109.96 kB
dist/assets/FrameHome_048-vPAX2shq.jpg  112.35 kB
dist/assets/FrameHome_018-tJJSll5f.jpg  114.92 kB
dist/assets/FrameHome_049-CbW8l5-l.jpg  119.21 kB
dist/assets/FrameHome_050-B8KSJyze.jpg  122.70 kB
dist/assets/FrameHome_080-Da-me-44.jpg  126.20 kB
dist/assets/FrameHome_082-BRvclKL0.jpg  126.20 kB
dist/assets/FrameHome_110-CipkxyKW.jpg  126.21 kB
dist/assets/FrameHome_083-DXdeyBdC.jpg  126.23 kB
dist/assets/FrameHome_081-UyCGo8px.jpg  126.24 kB
dist/assets/FrameHome_112-Bsr4TZ7f.jpg  126.60 kB
dist/assets/FrameHome_143-B3al36Xi.jpg  126.65 kB
dist/assets/FrameHome_111-CT6pgBLA.jpg  126.65 kB
dist/assets/FrameHome_142-15flK1lG.jpg  126.66 kB
dist/assets/FrameHome_144-CpeiG-vU.jpg  126.67 kB
dist/assets/FrameHome_141-G01bOw7K.jpg  126.69 kB
dist/assets/FrameHome_109-C8SHMZ-j.jpg  127.41 kB
dist/assets/FrameHome_079-DsLxxGXc.jpg  128.26 kB
dist/assets/FrameHome_019-EixrJBZS.jpg  129.19 kB
dist/assets/FrameHome_140-CIALeonn.jpg  130.38 kB
dist/assets/FrameHome_020-BUkQjChw.jpg  130.87 kB
dist/assets/FrameHome_051-BcfYncDq.jpg  137.20 kB
dist/assets/FrameHome_139-BMj25t0T.jpg  141.06 kB
dist/assets/FrameHome_021-zDab-iPN.jpg  141.91 kB
dist/assets/FrameHome_108-DX5uxvGI.jpg  142.54 kB
dist/assets/FrameHome_138-Q8QVt_BS.jpg  145.61 kB
dist/assets/FrameHome_134-D5OMw22d.jpg  146.00 kB
dist/assets/FrameHome_136-dsZUdfjL.jpg  146.02 kB
dist/assets/FrameHome_131-BnYKVFNx.jpg  146.02 kB
dist/assets/FrameHome_135-CvlcygUz.jpg  146.05 kB
dist/assets/FrameHome_137-Cn94hi20.jpg  146.06 kB
dist/assets/FrameHome_133-BfcocpbC.jpg  146.07 kB
dist/assets/FrameHome_132-Bc4eRvT0.jpg  146.13 kB
dist/assets/FrameHome_130-CvMQ_5s4.jpg  147.09 kB
dist/assets/FrameHome_078-CKloIq0S.jpg  147.30 kB
dist/assets/FrameHome_113-D61XkmNX.jpg  148.55 kB
dist/assets/FrameHome_107-DXZnXQY9.jpg  148.63 kB
dist/assets/FrameHome_129-0vyUc_Gy.jpg  148.65 kB
dist/assets/FrameHome_106-DZEGCQOg.jpg  149.24 kB
dist/assets/FrameHome_102-8OqN_l5k.jpg  149.24 kB
dist/assets/FrameHome_105-70kTq16E.jpg  149.25 kB
dist/assets/FrameHome_103-BXE1mBVC.jpg  149.26 kB
dist/assets/FrameHome_104-CSGDapCZ.jpg  149.27 kB
dist/assets/FrameHome_022-By8O5TGX.jpg  149.45 kB
dist/assets/FrameHome_101-sq13cPJ4.jpg  149.86 kB
dist/assets/FrameHome_023-C5NgKm0j.jpg  153.75 kB
dist/assets/FrameHome_114-xX03XaPf.jpg  154.96 kB
dist/assets/FrameHome_128-DybWauP_.jpg  155.66 kB
dist/assets/FrameHome_052-BLAYIk5u.jpg  156.96 kB
dist/assets/FrameHome_077-B1ZsNmzV.jpg  158.00 kB
dist/assets/FrameHome_084-DUcWqYxj.jpg  158.57 kB
dist/assets/FrameHome_115-CyFtnlKM.jpg  159.70 kB
dist/assets/FrameHome_127-Doq3Izsy.jpg  160.29 kB
dist/assets/FrameHome_024-M1TU95Iz.jpg  160.44 kB
dist/assets/FrameHome_076-CMmEoHVf.jpg  160.60 kB
dist/assets/FrameHome_071-y6sURc_-.jpg  160.62 kB
dist/assets/FrameHome_075-Bwvc9eLP.jpg  160.63 kB
dist/assets/FrameHome_074-DmK3r7gn.jpg  160.63 kB
dist/assets/FrameHome_073-3KaKQnlV.jpg  160.65 kB
dist/assets/FrameHome_126-CEAHEKse.jpg  160.68 kB
dist/assets/FrameHome_116-Dyf3Fv81.jpg  160.77 kB
dist/assets/FrameHome_072-C3GNw-UV.jpg  160.87 kB
dist/assets/FrameHome_070-BwCyCXbL.jpg  160.89 kB
dist/assets/FrameHome_124-DMfnLW65.jpg  161.08 kB
dist/assets/FrameHome_123-U8b9w4-I.jpg  161.08 kB
dist/assets/FrameHome_125-DatahlwA.jpg  161.12 kB
dist/assets/FrameHome_122-CoEGFqUV.jpg  161.37 kB
dist/assets/FrameHome_085-DkMSBrFr.jpg  161.45 kB
dist/assets/FrameHome_090-BmpIDJ7T.jpg  162.00 kB
dist/assets/FrameHome_086-CEOmSXBS.jpg  162.01 kB
dist/assets/FrameHome_092-B2AY8r9T.jpg  162.04 kB
dist/assets/FrameHome_100-DQC7SAkQ.jpg  162.08 kB
dist/assets/FrameHome_091-Xef5Y_m3.jpg  162.08 kB
dist/assets/FrameHome_099-GDkauoHd.jpg  162.08 kB
dist/assets/FrameHome_095-CXThF4kZ.jpg  162.10 kB
dist/assets/FrameHome_096-CrvabgN3.jpg  162.10 kB
dist/assets/FrameHome_097-DA25g_JX.jpg  162.11 kB
dist/assets/FrameHome_098-_bTuo67c.jpg  162.11 kB
dist/assets/FrameHome_089-BeuLMRLq.jpg  162.11 kB
dist/assets/FrameHome_093-BAYhHl1p.jpg  162.11 kB
dist/assets/FrameHome_094-B71iDwE7.jpg  162.12 kB
dist/assets/FrameHome_088-DpnXMANS.jpg  162.13 kB
dist/assets/FrameHome_087-L8TSlpHr.jpg  162.16 kB
dist/assets/FrameHome_120-CvwEXJ35.jpg  162.52 kB
dist/assets/FrameHome_121-CTRsQciQ.jpg  162.55 kB
dist/assets/FrameHome_118-BZghx7J1.jpg  162.65 kB
dist/assets/FrameHome_119-BDM4y8pF.jpg  162.65 kB
dist/assets/FrameHome_117-DnbNe1m3.jpg  162.77 kB
dist/assets/FrameHome_053-DFs8_rHl.jpg  169.52 kB
dist/assets/FrameHome_145-iZ-xO2Cx.jpg  169.73 kB
dist/assets/FrameHome_025-WUKnZgee.jpg  170.89 kB
dist/assets/FrameHome_054-NCtZ13-y.jpg  172.00 kB
dist/assets/FrameHome_146-DYOQKPdS.jpg  172.05 kB
dist/assets/FrameHome_055-zC6FkQwm.jpg  172.63 kB
dist/assets/FrameHome_155-CraSmK7C.jpg  172.87 kB
dist/assets/FrameHome_156-OTv_B-wM.jpg  172.88 kB
dist/assets/FrameHome_148-DwMqEGJM.jpg  172.89 kB
dist/assets/FrameHome_151-BX0lQzUB.jpg  172.89 kB
dist/assets/FrameHome_152-BdqsYMnr.jpg  172.89 kB
dist/assets/FrameHome_154-VDkf71Rb.jpg  172.90 kB
dist/assets/FrameHome_153-CX_ilx_J.jpg  172.90 kB
dist/assets/FrameHome_150-CYFWJBll.jpg  172.90 kB
dist/assets/FrameHome_149-Dw6Yixct.jpg  172.94 kB
dist/assets/FrameHome_147-DaV1wTjT.jpg  172.95 kB
dist/assets/FrameHome_056-Bxs1zn4j.jpg  173.12 kB
dist/assets/FrameHome_057-C6ls4UB9.jpg  173.12 kB
dist/assets/FrameHome_058-CxTPVg3x.jpg  173.15 kB
dist/assets/FrameHome_060-CjWZ8pMV.jpg  173.15 kB
dist/assets/FrameHome_059-CJzDRETV.jpg  173.17 kB
dist/assets/FrameHome_062-BIqO9RZG.jpg  173.17 kB
dist/assets/FrameHome_061-B84i6ZmV.jpg  173.21 kB
dist/assets/FrameHome_066-BQvMdOZd.jpg  173.49 kB
dist/assets/FrameHome_065-DvnfJKhH.jpg  173.52 kB
dist/assets/FrameHome_067-XDI3yZrP.jpg  173.53 kB
dist/assets/FrameHome_064-BMxtr-DM.jpg  173.57 kB
dist/assets/FrameHome_068-CVTrFbTU.jpg  173.61 kB
dist/assets/FrameHome_069-CApgYb2-.jpg  173.62 kB
dist/assets/FrameHome_063-BArik4D4.jpg  173.68 kB
dist/assets/FrameHome_026-kab0KePH.jpg  181.03 kB
dist/assets/FrameHome_027-B6eSWVSE.jpg  187.04 kB
dist/assets/FrameHome_028-Dxj1ATfx.jpg  190.71 kB
dist/assets/FrameHome_040-DcJK-QdA.jpg  191.03 kB
dist/assets/FrameHome_038-V_V5-0Ob.jpg  191.03 kB
dist/assets/FrameHome_030-PyoGmq_n.jpg  191.04 kB
dist/assets/FrameHome_039-Cs2lvCws.jpg  191.07 kB
dist/assets/FrameHome_037-DXtWFsl0.jpg  191.07 kB
dist/assets/FrameHome_033-DzSkL-9Q.jpg  191.08 kB
dist/assets/FrameHome_032-Ds41IYcr.jpg  191.09 kB
dist/assets/FrameHome_031-BDf13fl6.jpg  191.09 kB
dist/assets/FrameHome_036-Dd4lAq-U.jpg  191.10 kB
dist/assets/FrameHome_034-HIKxR8aX.jpg  191.11 kB
dist/assets/FrameHome_035-LexXkMGa.jpg  191.12 kB
dist/assets/FrameHome_029-Dej9b3Xu.jpg  191.15 kB
dist/assets/index-BNt9OSqh.css           35.51 kB Γöé gzip:   7.06 kB
dist/assets/index-BSXZ5feL.js           499.40 kB Γöé gzip: 166.41 kB

node.exe : [33m[33m[PLUG
IN_TIMINGS] Warning:[0m 
Your build spent 
significant time in 
plugin `vite:asset`. See h
ttps://rolldown.rs/options
/checks#plugintimings for 
more details.
At C:\Program 
Files\nodejs\npm.ps1:29 
char:3
+   & $NODE_EXE 
$NPM_CLI_JS $args
+   ~~~~~~~~~~~~~~~~~~~~~~
~~~~~~~
    + CategoryInfo        
      : NotSpecified: (  
  [33m[33m[PLUG...r mo   
 re details.:String) [    
], RemoteException
    + FullyQualifiedError 
   Id : NativeCommandErr  
  or
 
[39m
[32mΓ£ô built in 3.44s[39m
